[2026-07-04 08:59:33] [INFO] [cqunews] main.py:23 - Initializing database...
[2026-07-04 08:59:40] [INFO] [cqunews] admin.py:940 - Default admin user and config created
[2026-07-04 08:59:40] [INFO] [cqunews] database.py:20 - Database initialized: D:\YvonG\TraeCN\Project\ai_project\CQUNEWS-7.3\CQUNEWS-7.3\cqunews.db
[2026-07-04 08:59:40] [INFO] [cqunews] main.py:25 - Starting APScheduler...
[2026-07-04 08:59:42] [INFO] [cqunews] scheduler.py:50 - APScheduler started, crawl interval = 60 minutes
[2026-07-04 09:00:21] [INFO] [cqunews] main.py:62 - |G3| GET /api/news -> 200 (12.27ms)
[2026-07-04 09:00:21] [INFO] [cqunews] main.py:62 - |G3| GET /api/news -> 200 (4.10ms)
[2026-07-04 09:00:21] [INFO] [cqunews] main.py:62 - |G3| GET /api/news -> 200 (2.95ms)
[2026-07-04 09:03:20] [INFO] [cqunews] main.py:62 - |G3| GET /api/news -> 200 (11.95ms)
[2026-07-04 09:03:20] [INFO] [cqunews] main.py:62 - |G3| GET /api/news -> 200 (7.07ms)
[2026-07-04 09:03:21] [INFO] [cqunews] main.py:62 - |G3| GET /api/news -> 200 (9.25ms)
[2026-07-04 09:03:27] [INFO] [cqunews] main.py:62 - |G3| GET /api/news -> 200 (8.46ms)
[2026-07-04 09:03:27] [INFO] [cqunews] main.py:62 - |G3| GET /api/news -> 200 (7.64ms)
[2026-07-04 09:03:27] [INFO] [cqunews] main.py:62 - |G3| GET /api/news -> 200 (8.69ms)
[2026-07-04 09:03:32] [INFO] [cqunews] scheduler.py:26 - Scheduled crawl task triggered at 2026-07-04T09:03:32.405882
[2026-07-04 09:03:32] [INFO] [cqunews] crawler.py:357 - Start crawling: 新华网-时政
[2026-07-04 09:03:32] [INFO] [cqunews] crawler.py:279 - Found 88 candidate links from 新华网-时政
[2026-07-04 09:03:33] [DEBUG] [cqunews] crawler.py:240 - Fetching article: http://www.news.cn/comments/20220728/b8859a78ad1743aeba8fdeadff3651bb/c.html
[2026-07-04 09:03:35] [DEBUG] [cqunews] crawler.py:240 - Fetching article: http://www.news.cn/comments/20220507/633c2f34e0744bddac65f88387f168f8/c.html
[2026-07-04 09:03:37] [DEBUG] [cqunews] crawler.py:240 - Fetching article: https://www.news.cn/zt/xxgcxjpdjsx/index.html
[2026-07-04 09:03:38] [DEBUG] [cqunews] crawler.py:240 - Fetching article: https://www.news.cn/zt/jd105zn/index.html
[2026-07-04 09:03:40] [DEBUG] [cqunews] crawler.py:240 - Fetching article: https://www.news.cn/zt/swwxlztfbh/index.html
[2026-07-04 09:03:42] [DEBUG] [cqunews] crawler.py:240 - Fetching article: https://www.news.cn/zt/slhjxzqzjg/index.html
[2026-07-04 09:03:43] [DEBUG] [cqunews] crawler.py:240 - Fetching article: https://www.news.cn/politics/xbmfjg/index.htm
[2026-07-04 09:03:45] [DEBUG] [cqunews] crawler.py:240 - Fetching article: https://www.news.cn/tech/20260703/73f5ffb7fd094f6baa331cc8ec9a053c/c.html
[2026-07-04 09:03:46] [INFO] [cqunews] crawler.py:361 - Crawl done: 新华网-时政 — 6 items, 0 errors
[2026-07-04 09:03:46] [INFO] [cqunews] crawler.py:357 - Start crawling: 新华网-科技
[2026-07-04 09:03:46] [INFO] [cqunews] crawler.py:279 - Found 37 candidate links from 新华网-科技
[2026-07-04 09:03:47] [DEBUG] [cqunews] crawler.py:240 - Fetching article: http://www.news.cn/tech/20260703/21dfbf64914f4fccb3c78f0e9dca1b72/c.html
[2026-07-04 09:03:49] [DEBUG] [cqunews] crawler.py:240 - Fetching article: https://www.news.cn/tech/20260703/b7d5fff911aa4003b922ae748527f60e/c.html
[2026-07-04 09:03:51] [DEBUG] [cqunews] crawler.py:240 - Fetching article: http://www.news.cn/tech/20260703/861365066f9f40cbbad8a4f747e40f41/c.html
[2026-07-04 09:03:53] [DEBUG] [cqunews] crawler.py:240 - Fetching article: http://www.news.cn/tech/20260626/f04dac05e0f642a9b7f885553e444487/c.html
[2026-07-04 09:03:55] [DEBUG] [cqunews] crawler.py:240 - Fetching article: http://www.news.cn/tech/20260625/7f20c2362395425396e25d2cdbf0c99d/c.html
[2026-07-04 09:03:57] [DEBUG] [cqunews] crawler.py:240 - Fetching article: http://www.news.cn/tech/20260624/ac1c3f67e0a44bf2a3fdbf2a064497ab/c.html
[2026-07-04 09:03:59] [DEBUG] [cqunews] crawler.py:240 - Fetching article: http://www.news.cn/tech/20260623/5b31ac98e20f4d3baa2238c8f0ee1467/c.html
[2026-07-04 09:04:00] [DEBUG] [cqunews] crawler.py:240 - Fetching article: https://www.news.cn/tech/20260616/cdf202d615204b1ba149901236b79677/c.html
[2026-07-04 09:04:00] [INFO] [cqunews] crawler.py:361 - Crawl done: 新华网-科技 — 3 items, 0 errors
[2026-07-04 09:04:00] [INFO] [cqunews] crawler.py:357 - Start crawling: 新华网-国际
[2026-07-04 09:04:01] [INFO] [cqunews] crawler.py:279 - Found 88 candidate links from 新华网-国际
[2026-07-04 09:04:02] [DEBUG] [cqunews] crawler.py:240 - Fetching article: https://www.news.cn/world/20260702/0a0e7ee9447243629116f533608c5a21/c.html
[2026-07-04 09:04:03] [DEBUG] [cqunews] crawler.py:240 - Fetching article: https://www.news.cn/20260629/6e77676e1dc640a78b8167006def7680/c.html
[2026-07-04 09:04:05] [DEBUG] [cqunews] crawler.py:240 - Fetching article: https://www.news.cn/world/20260621/d8df0948a8594eb5ad3b9dd0975c45fa/c.html
[2026-07-04 09:04:06] [DEBUG] [cqunews] crawler.py:240 - Fetching article: https://www.news.cn/world/20260702/a4d42e8675414d33abd2c23d94aab736/c.html
[2026-07-04 09:04:08] [DEBUG] [cqunews] crawler.py:240 - Fetching article: https://www.news.cn/world/20260702/b958b1935f0843f3b268c742ded401a7/c.html
[2026-07-04 09:04:09] [DEBUG] [cqunews] crawler.py:240 - Fetching article: https://www.news.cn/world/20260702/06a11b380db94501b89a94b2c720a722/c.html
[2026-07-04 09:04:11] [DEBUG] [cqunews] crawler.py:240 - Fetching article: https://www.news.cn/world/20260702/4d92c2fbdca747fd8a85591ca8566491/c.html
[2026-07-04 09:04:13] [DEBUG] [cqunews] crawler.py:240 - Fetching article: https://www.news.cn/world/20260701/216be0440512446b8eb30fd94263b25d/c.html
[2026-07-04 09:04:14] [INFO] [cqunews] crawler.py:361 - Crawl done: 新华网-国际 — 3 items, 0 errors
[2026-07-04 09:04:14] [INFO] [cqunews] crawler.py:357 - Start crawling: 新浪新闻
[2026-07-04 09:04:15] [INFO] [cqunews] crawler.py:279 - Found 90 candidate links from 新浪新闻
[2026-07-04 09:04:17] [DEBUG] [cqunews] crawler.py:240 - Fetching article: https://news.sina.com.cn/o/2026-07-02/doc-inifmfcy4135999.shtml
[2026-07-04 09:04:18] [DEBUG] [cqunews] crawler.py:240 - Fetching article: https://news.sina.com.cn/c/xl/2026-07-03/doc-inifpusw0323271.shtml
[2026-07-04 09:04:20] [DEBUG] [cqunews] crawler.py:240 - Fetching article: https://news.sina.com.cn/c/xl/2026-07-03/doc-inifpqky0428137.shtml
[2026-07-04 09:04:22] [DEBUG] [cqunews] crawler.py:240 - Fetching article: https://news.sina.com.cn/o/2026-07-04/doc-inifqrwn0173697.shtml
[2026-07-04 09:04:23] [DEBUG] [cqunews] crawler.py:240 - Fetching article: https://news.sina.com.cn/w/2026-07-04/doc-inifqrwk3402007.shtml
[2026-07-04 09:04:26] [DEBUG] [cqunews] crawler.py:240 - Fetching article: https://news.sina.com.cn/w/2026-07-04/doc-inifqmqn3506000.shtml
[2026-07-04 09:04:27] [DEBUG] [cqunews] crawler.py:240 - Fetching article: https://news.sina.com.cn/w/2026-07-04/doc-inifqmqh5523661.shtml
[2026-07-04 09:04:29] [DEBUG] [cqunews] crawler.py:240 - Fetching article: https://news.sina.com.cn/w/2026-07-04/doc-inifqweh3349843.shtml
[2026-07-04 09:04:29] [INFO] [cqunews] crawler.py:361 - Crawl done: 新浪新闻 — 0 items, 0 errors
[2026-07-04 09:04:29] [INFO] [cqunews] crawler.py:357 - Start crawling: 澎湃新闻
[2026-07-04 09:04:29] [INFO] [cqunews] crawler.py:279 - Found 7 candidate links from 澎湃新闻
[2026-07-04 09:04:31] [DEBUG] [cqunews] crawler.py:240 - Fetching article: https://www.thepaper.cn/newsDetail_forward_33512059
[2026-07-04 09:04:32] [DEBUG] [cqunews] crawler.py:240 - Fetching article: https://www.thepaper.cn/newsDetail_forward_33510543
[2026-07-04 09:04:34] [DEBUG] [cqunews] crawler.py:240 - Fetching article: https://www.thepaper.cn/newsDetail_forward_33504773
[2026-07-04 09:04:36] [DEBUG] [cqunews] crawler.py:240 - Fetching article: https://www.thepaper.cn/newsDetail_forward_33516784
[2026-07-04 09:04:37] [DEBUG] [cqunews] crawler.py:240 - Fetching article: https://www.thepaper.cn/newsDetail_forward_33511030
[2026-07-04 09:04:39] [DEBUG] [cqunews] crawler.py:240 - Fetching article: https://www.thepaper.cn/newsDetail_forward_33493028
[2026-07-04 09:04:41] [DEBUG] [cqunews] crawler.py:240 - Fetching article: https://www.thepaper.cn/newsDetail_forward_33511650
[2026-07-04 09:04:42] [INFO] [cqunews] crawler.py:361 - Crawl done: 澎湃新闻 — 7 items, 0 errors
[2026-07-04 09:04:42] [INFO] [cqunews] crawler.py:357 - Start crawling: 中国新闻网-滚动
[2026-07-04 09:04:42] [INFO] [cqunews] crawler.py:279 - Found 143 candidate links from 中国新闻网-滚动
[2026-07-04 09:04:44] [DEBUG] [cqunews] crawler.py:240 - Fetching article: https://www.chinanews.com.cn/ty/2026/07-04/10652546.shtml
[2026-07-04 09:04:46] [DEBUG] [cqunews] crawler.py:240 - Fetching article: https://www.chinanews.com.cn/jk/2026/07-04/10652544.shtml
[2026-07-04 09:04:47] [DEBUG] [cqunews] crawler.py:240 - Fetching article: https://www.chinanews.com.cn/gn/2026/07-04/10652543.shtml
[2026-07-04 09:04:50] [DEBUG] [cqunews] crawler.py:240 - Fetching article: https://www.chinanews.com.cn/cul/2026/07-04/10652542.shtml
[2026-07-04 09:04:52] [DEBUG] [cqunews] crawler.py:240 - Fetching article: https://www.chinanews.com.cn/sh/2026/07-04/10652537.shtml
[2026-07-04 09:04:54] [DEBUG] [cqunews] crawler.py:240 - Fetching article: https://www.chinanews.com.cn/ty/2026/07-04/10652541.shtml
[2026-07-04 09:04:55] [DEBUG] [cqunews] crawler.py:240 - Fetching article: https://www.chinanews.com.cn/cj/2026/07-04/10652540.shtml
[2026-07-04 09:04:58] [DEBUG] [cqunews] crawler.py:240 - Fetching article: https://www.chinanews.com.cn/gn/2026/07-04/10652539.shtml
[2026-07-04 09:04:58] [INFO] [cqunews] crawler.py:361 - Crawl done: 中国新闻网-滚动 — 8 items, 0 errors
[2026-07-04 09:04:58] [INFO] [cqunews] main.py:62 - |G3| POST /api/crawl/run -> 200 (86386.01ms)
[2026-07-04 09:04:59] [INFO] [cqunews] main.py:62 - |G3| GET /api/news -> 200 (6.52ms)
[2026-07-04 09:13:14] [INFO] [cqunews] main.py:62 - |G3| GET /api/news -> 200 (3.80ms)
[2026-07-04 09:13:14] [INFO] [cqunews] main.py:62 - |G3| GET /api/news -> 200 (3.53ms)
[2026-07-04 09:13:15] [INFO] [cqunews] main.py:62 - |G3| GET /api/news -> 200 (4.91ms)
[2026-07-04 09:13:15] [INFO] [cqunews] main.py:62 - |G3| GET /api/news -> 200 (7.13ms)
[2026-07-04 09:16:08] [INFO] [cqunews] main.py:62 - |G3| GET /api/news -> 200 (4.01ms)
[2026-07-04 09:16:08] [INFO] [cqunews] main.py:62 - |G3| GET /api/news -> 200 (2.99ms)
[2026-07-04 09:16:10] [INFO] [cqunews] main.py:62 - |G3| GET /api/news -> 200 (5.53ms)
[2026-07-04 09:20:17] [INFO] [cqunews] main.py:62 - |G3| GET /api/news -> 200 (11.20ms)
[2026-07-04 09:20:17] [INFO] [cqunews] main.py:62 - |G3| GET /api/news -> 200 (9.48ms)
[2026-07-04 09:20:17] [INFO] [cqunews] main.py:62 - |G3| GET /api/news -> 200 (5.30ms)
[2026-07-04 09:20:33] [INFO] [cqunews] main.py:62 - |G3| GET /api/news -> 200 (11.88ms)
[2026-07-04 09:20:33] [INFO] [cqunews] main.py:62 - |G3| GET /api/news -> 200 (10.50ms)
[2026-07-04 09:20:33] [INFO] [cqunews] main.py:62 - |G3| GET /api/news -> 200 (6.76ms)
[2026-07-04 09:20:40] [INFO] [cqunews] main.py:62 - |G3| POST /api/news/25/summary -> 404 (1.85ms)
[2026-07-04 09:20:43] [INFO] [cqunews] main.py:62 - |G3| POST /api/news/25/summary -> 404 (1.00ms)
[2026-07-04 09:20:45] [INFO] [cqunews] main.py:62 - |G3| POST /api/news/25/summary -> 404 (1.87ms)
[2026-07-04 09:24:32] [INFO] [cqunews] main.py:62 - |G3| GET /api/news -> 200 (6.00ms)
[2026-07-04 09:24:32] [INFO] [cqunews] main.py:62 - |G3| GET /api/news -> 200 (3.16ms)
[2026-07-04 09:24:32] [INFO] [cqunews] main.py:62 - |G3| GET /api/news -> 200 (2.81ms)
[2026-07-04 09:24:32] [INFO] [cqunews] main.py:62 - |G3| GET /api/news -> 200 (3.13ms)
[2026-07-04 09:24:32] [INFO] [cqunews] main.py:62 - |G3| GET /api/news -> 200 (4.26ms)
[2026-07-04 09:24:33] [INFO] [cqunews] main.py:62 - |G3| GET /api/news -> 200 (7.30ms)
[2026-07-04 09:25:21] [INFO] [cqunews] main.py:62 - |G3| GET /api/news -> 200 (3.30ms)
[2026-07-04 09:25:21] [INFO] [cqunews] main.py:62 - |G3| GET /api/news -> 200 (3.07ms)
[2026-07-04 09:25:21] [INFO] [cqunews] main.py:62 - |G3| GET /api/news -> 200 (2.84ms)
[2026-07-04 09:25:21] [INFO] [cqunews] main.py:62 - |G3| GET /api/news -> 200 (4.03ms)
[2026-07-04 09:25:22] [INFO] [cqunews] main.py:62 - |G3| GET /api/news -> 200 (3.97ms)
[2026-07-04 09:25:23] [INFO] [cqunews] main.py:62 - |G3| GET /api/news -> 200 (6.12ms)
[2026-07-04 09:27:59] [INFO] [cqunews] main.py:23 - Initializing database...
[2026-07-04 09:27:59] [INFO] [cqunews] database.py:20 - Database initialized: D:\YvonG\TraeCN\Project\ai_project\CQUNEWS-7.3\CQUNEWS-7.3\cqunews.db
[2026-07-04 09:27:59] [INFO] [cqunews] main.py:25 - Starting APScheduler...
[2026-07-04 09:27:59] [INFO] [cqunews] scheduler.py:50 - APScheduler started, crawl interval = 60 minutes
[2026-07-04 09:27:59] [INFO] [cqunews] scheduler.py:60 - APScheduler stopped.
[2026-07-04 09:27:59] [INFO] [cqunews] main.py:31 - Shutdown complete.
[2026-07-04 09:28:31] [INFO] [cqunews] main.py:23 - Initializing database...
[2026-07-04 09:28:31] [INFO] [cqunews] database.py:20 - Database initialized: D:\YvonG\TraeCN\Project\ai_project\CQUNEWS-7.3\CQUNEWS-7.3\cqunews.db
[2026-07-04 09:28:31] [INFO] [cqunews] main.py:25 - Starting APScheduler...
[2026-07-04 09:28:31] [INFO] [cqunews] scheduler.py:50 - APScheduler started, crawl interval = 60 minutes
[2026-07-04 09:30:23] [INFO] [cqunews] main.py:62 - |G3| POST /api/news/25/summary -> 200 (30336.62ms)
[2026-07-04 09:31:34] [INFO] [cqunews] main.py:62 - |G3| POST /api/news/23/summary -> 200 (39421.44ms)
[2026-07-04 09:32:56] [INFO] [cqunews] main.py:62 - |G3| GET /api/news -> 200 (31.62ms)
[2026-07-04 09:32:57] [INFO] [cqunews] main.py:62 - |G3| GET /api/news -> 200 (8.35ms)
[2026-07-04 09:32:57] [INFO] [cqunews] main.py:62 - |G3| GET /api/news -> 200 (10.56ms)
[2026-07-04 09:33:48] [INFO] [cqunews] main.py:62 - |G3| GET /api/news -> 200 (10.81ms)
[2026-07-04 09:34:14] [INFO] [cqunews] main.py:62 - |G3| GET /api/news -> 200 (15.62ms)
[2026-07-04 09:34:15] [INFO] [cqunews] main.py:62 - |G3| GET /api/news -> 200 (6.19ms)
[2026-07-04 09:34:18] [INFO] [cqunews] main.py:62 - |G3| GET /api/news -> 200 (8.85ms)
[2026-07-04 09:34:19] [INFO] [cqunews] main.py:62 - |G3| GET /api/news -> 200 (9.35ms)
[2026-07-04 09:34:25] [INFO] [cqunews] main.py:62 - |G3| GET /api/news -> 200 (10.69ms)
